
--------------------------------------------------
TXLib пїЅпїЅпїЅпїЅпїЅпїЅпїЅпїЅпїЅпїЅпїЅ...

пїЅпїЅпїЅпїЅпїЅпїЅпїЅпїЅпїЅ: C:\Users\user\Desktop\cpp\SqrEquation\solve.exe,

пїЅпїЅпїЅпїЅпїЅпїЅпїЅпїЅ: signal (11, 0x00): SIGSEGV: пїЅпїЅпїЅпїЅпїЅпїЅ пїЅпїЅ пїЅпїЅпїЅпїЅпїЅпїЅпїЅпїЅпїЅ пїЅпїЅпїЅпїЅпїЅпїЅпїЅпїЅпїЅ. пїЅпїЅпїЅпїЅпїЅпїЅпїЅ пїЅпїЅпїЅпїЅпїЅпїЅпїЅ! 

пїЅ пїЅпїЅпїЅпїЅпїЅпїЅпїЅ пїЅпїЅпїЅпїЅпїЅпїЅпїЅ signal() пїЅпїЅ пїЅпїЅпїЅпїЅпїЅпїЅ пїЅпїЅпїЅпїЅ пїЅпїЅпїЅпїЅпїЅпїЅпїЅпїЅпїЅпїЅ пїЅпїЅпїЅ пїЅпїЅпїЅпїЅпїЅпїЅ.

#1: TXLib [Ver: 00173a, Rev: 175, Date: 2025-12-31 23:02:50 +0400], Instance: 0x00007FF76440C7D0 (64-bit), Flags: Cmdre0, Thread: 0x35A4 (Main). 

--------------------------------------------------
пїЅпїЅпїЅпїЅ пїЅпїЅпїЅпїЅпїЅпїЅпїЅ:

# 0 0x00007FF7643BAE8B in C:\Users\user\Desktop\cpp\SqrEquation\solve.exe: (anonymous namespace)::TX::_txError() at C:/Users/user/Downloads/TX/TXLib.h:11254
# 1 0x00007FF7643BB700 in C:\Users\user\Desktop\cpp\SqrEquation\solve.exe: (anonymous namespace)::TX::_txOnSignal() at C:/Users/user/Downloads/TX/TXLib.h:11338
# 2 0x00007FFA454EF2E4 in C:\WINDOWS\System32\ucrtbase.dll: seh_filter_exe()
# 3 0x00007FF7643E5280 in C:\Users\user\Desktop\cpp\SqrEquation\solve.exe: __mingw_SEH_error_handler() at D:/W/B/src/mingw-w64/mingw-w64-crt/crt/crt_handler.c:105
# 4 0x00007FFA48224ABF in C:\WINDOWS\SYSTEM32\ntdll.dll: _chkstk()
# 5 0x00007FFA48105E97 in C:\WINDOWS\SYSTEM32\ntdll.dll: RtlLocateExtendedFeature()
# 6 0x00007FFA482243FE in C:\WINDOWS\SYSTEM32\ntdll.dll: KiUserExceptionDispatcher()
# 7 0x00007FF7643E8AE8 in C:\Users\user\Desktop\cpp\SqrEquation\solve.exe: __mingw_pformat() at D:/W/B/src/mingw-w64/mingw-w64-crt/stdio/mingw_pformat.c:2631
# 8 0x00007FF7643E9530 in C:\Users\user\Desktop\cpp\SqrEquation\solve.exe: __mingw_vsslowPrintf() at D:/W/B/src/mingw-w64/mingw-w64-crt/stdio/mingw_vsslowPrintf.c:52

# 9 0x00007FF7643EFCDB in C:\Users\user\Desktop\cpp\SqrEquation\solve.exe: vsslowPrintf() at C:/msys64/ucrt64/include/stdio.h:394:

    392:   }
    393: #endif
=>  394:   return __mingw_vsslowPrintf( __stream, __format, __local_argv );
    395: }
    396: /* #ifndef __NO_ISOCEXT */  /* externs in libmingwex.a */

#10 0x00007FF7643E328B in C:\Users\user\Desktop\cpp\SqrEquation\solve.exe: slowPrintf() at C:/Users/user/Desktop/cpp/SqrEquation/BasicText.cpp:42:

     40:     char buf[100] = {};
     41: 
=>   42:     vsslowPrintf(buf, output, args);
     43: 
     44:     slowPrintf("%s", buf);

#11 0x00007FF7643A150C in C:\Users\user\Desktop\cpp\SqrEquation\solve.exe: main() at C:/Users/user/Desktop/cpp/SqrEquation/main.cpp:13:

     11:     const char *InColor = COLOR_RESET;
     12: 
=>   13:     slowPrintf("hah%d", 50);
     14: 
     15:     char *fileToRead = NULL; // С„Р°Р№Р» РґР»СЏ С‡С‚РµРЅРёСЏ

--------------------------------------------------
Developed with:

The Dumb Artist Library (TX Library)
TXLib [Ver: 00173a, Rev: 175, Date: 2025-12-31 23:02:50 +0400]
Copyright (C) Ded (Ilya Dedinsky, http://txlib.ru) <mail@txlib.ru>
See license on: http://txlib.ru

TXLib file:	C:\Users\user\Downloads\TX\TXLib.h
Compiled:	Aug 23 2026 20:41:32, GNU g++ 16.1.0, std=202002L, MinGW-W64 Runtime 15.0.0 (alpha - rev. 0) 0000-00-00, 64-bit, DEBUG
Started:	Aug 23 2026 20:41:37

Run file:	C:\Users\user\Desktop\cpp\SqrEquation\solve.exe
Directory:	C:\Users\user\Desktop\cpp\SqrEquation

--------------------------------------------------

--------------------------------------------------
TXLib соболезнует...

Программа: C:\Users\user\Desktop\cpp\SqrEquation\solve.exe,

ВНЕЗАПНО: signal (8, 0x00): SIGFPE: Грубая ошибка в вычислениях. 

С помощью функции signal() вы можете сами обработать эту ошибку.

#1: TXLib [Ver: 00173a, Rev: 175, Date: 2025-12-31 23:02:50 +0400], Instance: 0x00007FF7E243C7D0 (64-bit), Flags: Cmdre0, Thread: 0x3C58 (Main). 

--------------------------------------------------
Стек вызовов:

# 0 0x00007FF7E23EAE7B in C:\Users\user\Desktop\cpp\SqrEquation\solve.exe: (anonymous namespace)::TX::_txError() at C:/Users/user/Downloads/TX/TXLib.h:11254
# 1 0x00007FF7E23EB6F0 in C:\Users\user\Desktop\cpp\SqrEquation\solve.exe: (anonymous namespace)::TX::_txOnSignal() at C:/Users/user/Downloads/TX/TXLib.h:11338
# 2 0x00007FFA45556EAF in C:\WINDOWS\System32\ucrtbase.dll: memcpy()
# 3 0x00007FF7E2415260 in C:\Users\user\Desktop\cpp\SqrEquation\solve.exe: __mingw_SEH_error_handler() at D:/W/B/src/mingw-w64/mingw-w64-crt/crt/crt_handler.c:105
# 4 0x00007FFA48224ABF in C:\WINDOWS\SYSTEM32\ntdll.dll: _chkstk()
# 5 0x00007FFA48105E97 in C:\WINDOWS\SYSTEM32\ntdll.dll: RtlLocateExtendedFeature()
# 6 0x00007FFA482243FE in C:\WINDOWS\SYSTEM32\ntdll.dll: KiUserExceptionDispatcher()

# 7 0x00007FF7E23D2E52 in C:\Users\user\Desktop\cpp\SqrEquation\solve.exe: SortArgs() at C:/Users/user/Desktop/cpp/SqrEquation/UnitTests.cpp:128:

    126: void SortArgs(double *x1Exp, double *x2Exp)
    127: {
=>  128:     if (*x1Exp > *x2Exp) {
    129:         double i = *x1Exp;
    130:         *x1Exp = *x2Exp;

# 8 0x00007FF7E23D2E04 in C:\Users\user\Desktop\cpp\SqrEquation\solve.exe: GetTestcase() at C:/Users/user/Desktop/cpp/SqrEquation/UnitTests.cpp:118:

    116:                 &(test -> a), &(test -> b), &(test -> c),
    117:                 &(test -> nRootsExp), &(test -> x1Exp), &(test -> x2Exp)) != EOF) { 
=>  118:         SortArgs(&(test -> x1Exp), &(test -> x2Exp));
    119:         fclose(file);
    120:         return 1;

# 9 0x00007FF7E23D251C in C:\Users\user\Desktop\cpp\SqrEquation\solve.exe: RunTests() at C:/Users/user/Desktop/cpp/SqrEquation/UnitTests.cpp:10:

      8:     TestCase test = {};
      9: 
=>   10:     while (GetTestcase(nTests, &test) != NULL) {
     11:         nTests++;
     12:         nGoodTests += RunOneTest(test);

#10 0x00007FF7E23D2F45 in C:\Users\user\Desktop\cpp\SqrEquation\solve.exe: FlagsCheck() at C:/Users/user/Desktop/cpp/SqrEquation/Flags.cpp:15:

     13:         {
     14:         case 't':
=>   15:             RunTests();
     16:             break;
     17:         case 's':

#11 0x00007FF7E23D1525 in C:\Users\user\Desktop\cpp\SqrEquation\solve.exe: main() at C:/Users/user/Desktop/cpp/SqrEquation/main.cpp:16:

     14: 
     15:     if (argc != 1) {
=>   16:         int status = FlagsCheck(argc, argv, &InColor, &OutColor, &fileToRead);
     17:         if (status != 0) return 1;
     18:     }

--------------------------------------------------
Developed with:

The Dumb Artist Library (TX Library)
TXLib [Ver: 00173a, Rev: 175, Date: 2025-12-31 23:02:50 +0400]
Copyright (C) Ded (Ilya Dedinsky, http://txlib.ru) <mail@txlib.ru>
See license on: http://txlib.ru

TXLib file:	C:\Users\user\Downloads\TX\TXLib.h
Compiled:	Aug 23 2026 21:05:45, GNU g++ 16.1.0, std=202002L, MinGW-W64 Runtime 15.0.0 (alpha - rev. 0) 0000-00-00, 64-bit, DEBUG
Started:	Aug 23 2026 21:10:33

Run file:	C:\Users\user\Desktop\cpp\SqrEquation\solve.exe
Directory:	C:\Users\user\Desktop\cpp\SqrEquation

--------------------------------------------------

--------------------------------------------------
TXLib соболезнует...

Программа: C:\Users\user\Desktop\cpp\SqrEquation\solve.exe,

ВНЕЗАПНО: signal (8, 0x00): SIGFPE: Грубая ошибка в вычислениях. 

С помощью функции signal() вы можете сами обработать эту ошибку.

#1: TXLib [Ver: 00173a, Rev: 175, Date: 2025-12-31 23:02:50 +0400], Instance: 0x00007FF7E243C7D0 (64-bit), Flags: Cmdre0, Thread: 0x6DDC (Main). 

--------------------------------------------------
Стек вызовов:

# 0 0x00007FF7E23EAE7B in C:\Users\user\Desktop\cpp\SqrEquation\solve.exe: (anonymous namespace)::TX::_txError() at C:/Users/user/Downloads/TX/TXLib.h:11254
# 1 0x00007FF7E23EB6F0 in C:\Users\user\Desktop\cpp\SqrEquation\solve.exe: (anonymous namespace)::TX::_txOnSignal() at C:/Users/user/Downloads/TX/TXLib.h:11338
# 2 0x00007FFA45556EAF in C:\WINDOWS\System32\ucrtbase.dll: memcpy()
# 3 0x00007FF7E2415260 in C:\Users\user\Desktop\cpp\SqrEquation\solve.exe: __mingw_SEH_error_handler() at D:/W/B/src/mingw-w64/mingw-w64-crt/crt/crt_handler.c:105
# 4 0x00007FFA48224ABF in C:\WINDOWS\SYSTEM32\ntdll.dll: _chkstk()
# 5 0x00007FFA48105E97 in C:\WINDOWS\SYSTEM32\ntdll.dll: RtlLocateExtendedFeature()
# 6 0x00007FFA482243FE in C:\WINDOWS\SYSTEM32\ntdll.dll: KiUserExceptionDispatcher()

# 7 0x00007FF7E23D2E52 in C:\Users\user\Desktop\cpp\SqrEquation\solve.exe: SortArgs() at C:/Users/user/Desktop/cpp/SqrEquation/UnitTests.cpp:128:

    126: void SortArgs(double *x1Exp, double *x2Exp)
    127: {
=>  128:     if (*x1Exp > *x2Exp) {
    129:         double i = *x1Exp;
    130:         *x1Exp = *x2Exp;

# 8 0x00007FF7E23D2E04 in C:\Users\user\Desktop\cpp\SqrEquation\solve.exe: GetTestcase() at C:/Users/user/Desktop/cpp/SqrEquation/UnitTests.cpp:118:

    116:                 &(test -> a), &(test -> b), &(test -> c),
    117:                 &(test -> nRootsExp), &(test -> x1Exp), &(test -> x2Exp)) != EOF) { 
=>  118:         SortArgs(&(test -> x1Exp), &(test -> x2Exp));
    119:         fclose(file);
    120:         return 1;

# 9 0x00007FF7E23D251C in C:\Users\user\Desktop\cpp\SqrEquation\solve.exe: RunTests() at C:/Users/user/Desktop/cpp/SqrEquation/UnitTests.cpp:10:

      8:     TestCase test = {};
      9: 
=>   10:     while (GetTestcase(nTests, &test) != NULL) {
     11:         nTests++;
     12:         nGoodTests += RunOneTest(test);

#10 0x00007FF7E23D2F45 in C:\Users\user\Desktop\cpp\SqrEquation\solve.exe: FlagsCheck() at C:/Users/user/Desktop/cpp/SqrEquation/Flags.cpp:15:

     13:         {
     14:         case 't':
=>   15:             RunTests();
     16:             break;
     17:         case 's':

#11 0x00007FF7E23D1525 in C:\Users\user\Desktop\cpp\SqrEquation\solve.exe: main() at C:/Users/user/Desktop/cpp/SqrEquation/main.cpp:16:

     14: 
     15:     if (argc != 1) {
=>   16:         int status = FlagsCheck(argc, argv, &InColor, &OutColor, &fileToRead);
     17:         if (status != 0) return 1;
     18:     }

--------------------------------------------------
Developed with:

The Dumb Artist Library (TX Library)
TXLib [Ver: 00173a, Rev: 175, Date: 2025-12-31 23:02:50 +0400]
Copyright (C) Ded (Ilya Dedinsky, http://txlib.ru) <mail@txlib.ru>
See license on: http://txlib.ru

TXLib file:	C:\Users\user\Downloads\TX\TXLib.h
Compiled:	Aug 23 2026 21:05:45, GNU g++ 16.1.0, std=202002L, MinGW-W64 Runtime 15.0.0 (alpha - rev. 0) 0000-00-00, 64-bit, DEBUG
Started:	Aug 23 2026 21:12:48

Run file:	C:\Users\user\Desktop\cpp\SqrEquation\solve.exe
Directory:	C:\Users\user\Desktop\cpp\SqrEquation

--------------------------------------------------

--------------------------------------------------
TXLib соболезнует...

Программа: C:\Users\user\Desktop\cpp\SqrEquation\solve.exe,

ВНЕЗАПНО: signal (8, 0x00): SIGFPE: Грубая ошибка в вычислениях. 

С помощью функции signal() вы можете сами обработать эту ошибку.

#1: TXLib [Ver: 00173a, Rev: 175, Date: 2025-12-31 23:02:50 +0400], Instance: 0x00007FF7E243C7D0 (64-bit), Flags: Cmdre0, Thread: 0x6C4C (Main). 

--------------------------------------------------
Стек вызовов:

# 0 0x00007FF7E23EAE7B in C:\Users\user\Desktop\cpp\SqrEquation\solve.exe: (anonymous namespace)::TX::_txError() at C:/Users/user/Downloads/TX/TXLib.h:11254
# 1 0x00007FF7E23EB6F0 in C:\Users\user\Desktop\cpp\SqrEquation\solve.exe: (anonymous namespace)::TX::_txOnSignal() at C:/Users/user/Downloads/TX/TXLib.h:11338
# 2 0x00007FFA45556EAF in C:\WINDOWS\System32\ucrtbase.dll: memcpy()
# 3 0x00007FF7E2415260 in C:\Users\user\Desktop\cpp\SqrEquation\solve.exe: __mingw_SEH_error_handler() at D:/W/B/src/mingw-w64/mingw-w64-crt/crt/crt_handler.c:105
# 4 0x00007FFA48224ABF in C:\WINDOWS\SYSTEM32\ntdll.dll: _chkstk()
# 5 0x00007FFA48105E97 in C:\WINDOWS\SYSTEM32\ntdll.dll: RtlLocateExtendedFeature()
# 6 0x00007FFA482243FE in C:\WINDOWS\SYSTEM32\ntdll.dll: KiUserExceptionDispatcher()

# 7 0x00007FF7E23D2E52 in C:\Users\user\Desktop\cpp\SqrEquation\solve.exe: SortArgs() at C:/Users/user/Desktop/cpp/SqrEquation/UnitTests.cpp:128:

    126: void SortArgs(double *x1Exp, double *x2Exp)
    127: {
=>  128:     if (*x1Exp > *x2Exp) {
    129:         double i = *x1Exp;
    130:         *x1Exp = *x2Exp;

# 8 0x00007FF7E23D2E04 in C:\Users\user\Desktop\cpp\SqrEquation\solve.exe: GetTestcase() at C:/Users/user/Desktop/cpp/SqrEquation/UnitTests.cpp:118:

    116:                 &(test -> a), &(test -> b), &(test -> c),
    117:                 &(test -> nRootsExp), &(test -> x1Exp), &(test -> x2Exp)) != EOF) { 
=>  118:         SortArgs(&(test -> x1Exp), &(test -> x2Exp));
    119:         fclose(file);
    120:         return 1;

# 9 0x00007FF7E23D251C in C:\Users\user\Desktop\cpp\SqrEquation\solve.exe: RunTests() at C:/Users/user/Desktop/cpp/SqrEquation/UnitTests.cpp:10:

      8:     TestCase test = {};
      9: 
=>   10:     while (GetTestcase(nTests, &test) != NULL) {
     11:         nTests++;
     12:         nGoodTests += RunOneTest(test);

#10 0x00007FF7E23D2F45 in C:\Users\user\Desktop\cpp\SqrEquation\solve.exe: FlagsCheck() at C:/Users/user/Desktop/cpp/SqrEquation/Flags.cpp:15:

     13:         {
     14:         case 't':
=>   15:             RunTests();
     16:             break;
     17:         case 's':

#11 0x00007FF7E23D1525 in C:\Users\user\Desktop\cpp\SqrEquation\solve.exe: main() at C:/Users/user/Desktop/cpp/SqrEquation/main.cpp:16:

     14: 
     15:     if (argc != 1) {
=>   16:         int status = FlagsCheck(argc, argv, &InColor, &OutColor, &fileToRead);
     17:         if (status != 0) return 1;
     18:     }

--------------------------------------------------
Developed with:

The Dumb Artist Library (TX Library)
TXLib [Ver: 00173a, Rev: 175, Date: 2025-12-31 23:02:50 +0400]
Copyright (C) Ded (Ilya Dedinsky, http://txlib.ru) <mail@txlib.ru>
See license on: http://txlib.ru

TXLib file:	C:\Users\user\Downloads\TX\TXLib.h
Compiled:	Aug 23 2026 21:05:45, GNU g++ 16.1.0, std=202002L, MinGW-W64 Runtime 15.0.0 (alpha - rev. 0) 0000-00-00, 64-bit, DEBUG
Started:	Aug 23 2026 21:13:05

Run file:	C:\Users\user\Desktop\cpp\SqrEquation\solve.exe
Directory:	C:\Users\user\Desktop\cpp\SqrEquation

--------------------------------------------------

--------------------------------------------------
TXLib соболезнует...

Программа: C:\Users\user\Desktop\cpp\SqrEquation\solve.exe,

ВНЕЗАПНО: signal (8, 0x00): SIGFPE: Грубая ошибка в вычислениях. 

С помощью функции signal() вы можете сами обработать эту ошибку.

#1: TXLib [Ver: 00173a, Rev: 175, Date: 2025-12-31 23:02:50 +0400], Instance: 0x00007FF7E243C7D0 (64-bit), Flags: Cmdre0, Thread: 0x3F04 (Main). 

--------------------------------------------------
Стек вызовов:

# 0 0x00007FF7E23EAE7B in C:\Users\user\Desktop\cpp\SqrEquation\solve.exe: (anonymous namespace)::TX::_txError() at C:/Users/user/Downloads/TX/TXLib.h:11254
# 1 0x00007FF7E23EB6F0 in C:\Users\user\Desktop\cpp\SqrEquation\solve.exe: (anonymous namespace)::TX::_txOnSignal() at C:/Users/user/Downloads/TX/TXLib.h:11338
# 2 0x00007FFA45556EAF in C:\WINDOWS\System32\ucrtbase.dll: memcpy()
# 3 0x00007FF7E2415260 in C:\Users\user\Desktop\cpp\SqrEquation\solve.exe: __mingw_SEH_error_handler() at D:/W/B/src/mingw-w64/mingw-w64-crt/crt/crt_handler.c:105
# 4 0x00007FFA48224ABF in C:\WINDOWS\SYSTEM32\ntdll.dll: _chkstk()
# 5 0x00007FFA48105E97 in C:\WINDOWS\SYSTEM32\ntdll.dll: RtlLocateExtendedFeature()
# 6 0x00007FFA482243FE in C:\WINDOWS\SYSTEM32\ntdll.dll: KiUserExceptionDispatcher()

# 7 0x00007FF7E23D2E52 in C:\Users\user\Desktop\cpp\SqrEquation\solve.exe: SortArgs() at C:/Users/user/Desktop/cpp/SqrEquation/UnitTests.cpp:128:

    126: void SortArgs(double *x1Exp, double *x2Exp)
    127: {
=>  128:     if (*x1Exp > *x2Exp) {
    129:         double i = *x1Exp;
    130:         *x1Exp = *x2Exp;

# 8 0x00007FF7E23D2E04 in C:\Users\user\Desktop\cpp\SqrEquation\solve.exe: GetTestcase() at C:/Users/user/Desktop/cpp/SqrEquation/UnitTests.cpp:118:

    116:                 &(test -> a), &(test -> b), &(test -> c),
    117:                 &(test -> nRootsExp), &(test -> x1Exp), &(test -> x2Exp)) != EOF) { 
=>  118:         SortArgs(&(test -> x1Exp), &(test -> x2Exp));
    119:         fclose(file);
    120:         return 1;

# 9 0x00007FF7E23D251C in C:\Users\user\Desktop\cpp\SqrEquation\solve.exe: RunTests() at C:/Users/user/Desktop/cpp/SqrEquation/UnitTests.cpp:10:

      8:     TestCase test = {};
      9: 
=>   10:     while (GetTestcase(nTests, &test) != NULL) {
     11:         nTests++;
     12:         nGoodTests += RunOneTest(test);

#10 0x00007FF7E23D2F45 in C:\Users\user\Desktop\cpp\SqrEquation\solve.exe: FlagsCheck() at C:/Users/user/Desktop/cpp/SqrEquation/Flags.cpp:15:

     13:         {
     14:         case 't':
=>   15:             RunTests();
     16:             break;
     17:         case 's':

#11 0x00007FF7E23D1525 in C:\Users\user\Desktop\cpp\SqrEquation\solve.exe: main() at C:/Users/user/Desktop/cpp/SqrEquation/main.cpp:16:

     14: 
     15:     if (argc != 1) {
=>   16:         int status = FlagsCheck(argc, argv, &InColor, &OutColor, &fileToRead);
     17:         if (status != 0) return 1;
     18:     }

--------------------------------------------------
Developed with:

The Dumb Artist Library (TX Library)
TXLib [Ver: 00173a, Rev: 175, Date: 2025-12-31 23:02:50 +0400]
Copyright (C) Ded (Ilya Dedinsky, http://txlib.ru) <mail@txlib.ru>
See license on: http://txlib.ru

TXLib file:	C:\Users\user\Downloads\TX\TXLib.h
Compiled:	Aug 23 2026 21:05:45, GNU g++ 16.1.0, std=202002L, MinGW-W64 Runtime 15.0.0 (alpha - rev. 0) 0000-00-00, 64-bit, DEBUG
Started:	Aug 23 2026 21:15:19

Run file:	C:\Users\user\Desktop\cpp\SqrEquation\solve.exe
Directory:	C:\Users\user\Desktop\cpp\SqrEquation

--------------------------------------------------

--------------------------------------------------
TXLib соболезнует...

Программа: C:\Users\user\Desktop\cpp\SqrEquation\solve.exe,

ВНЕЗАПНО: signal (8, 0x00): SIGFPE: Грубая ошибка в вычислениях. 

С помощью функции signal() вы можете сами обработать эту ошибку.

#1: TXLib [Ver: 00173a, Rev: 175, Date: 2025-12-31 23:02:50 +0400], Instance: 0x00007FF7E243C7D0 (64-bit), Flags: Cmdre0, Thread: 0xE60 (Main). 

--------------------------------------------------
Стек вызовов:

# 0 0x00007FF7E23EAE7B in C:\Users\user\Desktop\cpp\SqrEquation\solve.exe: (anonymous namespace)::TX::_txError() at C:/Users/user/Downloads/TX/TXLib.h:11254
# 1 0x00007FF7E23EB6F0 in C:\Users\user\Desktop\cpp\SqrEquation\solve.exe: (anonymous namespace)::TX::_txOnSignal() at C:/Users/user/Downloads/TX/TXLib.h:11338
# 2 0x00007FFA45556EAF in C:\WINDOWS\System32\ucrtbase.dll: memcpy()
# 3 0x00007FF7E2415260 in C:\Users\user\Desktop\cpp\SqrEquation\solve.exe: __mingw_SEH_error_handler() at D:/W/B/src/mingw-w64/mingw-w64-crt/crt/crt_handler.c:105
# 4 0x00007FFA48224ABF in C:\WINDOWS\SYSTEM32\ntdll.dll: _chkstk()
# 5 0x00007FFA48105E97 in C:\WINDOWS\SYSTEM32\ntdll.dll: RtlLocateExtendedFeature()
# 6 0x00007FFA482243FE in C:\WINDOWS\SYSTEM32\ntdll.dll: KiUserExceptionDispatcher()

# 7 0x00007FF7E23D2E52 in C:\Users\user\Desktop\cpp\SqrEquation\solve.exe: SortArgs() at C:/Users/user/Desktop/cpp/SqrEquation/UnitTests.cpp:128:

    126: void SortArgs(double *x1Exp, double *x2Exp)
    127: {
=>  128:     if (*x1Exp > *x2Exp) {
    129:         double i = *x1Exp;
    130:         *x1Exp = *x2Exp;

# 8 0x00007FF7E23D2E04 in C:\Users\user\Desktop\cpp\SqrEquation\solve.exe: GetTestcase() at C:/Users/user/Desktop/cpp/SqrEquation/UnitTests.cpp:118:

    116:                 &(test -> a), &(test -> b), &(test -> c),
    117:                 &(test -> nRootsExp), &(test -> x1Exp), &(test -> x2Exp)) != EOF) { 
=>  118:         SortArgs(&(test -> x1Exp), &(test -> x2Exp));
    119:         fclose(file);
    120:         return 1;

# 9 0x00007FF7E23D251C in C:\Users\user\Desktop\cpp\SqrEquation\solve.exe: RunTests() at C:/Users/user/Desktop/cpp/SqrEquation/UnitTests.cpp:10:

      8:     TestCase test = {};
      9: 
=>   10:     while (GetTestcase(nTests, &test) != NULL) {
     11:         nTests++;
     12:         nGoodTests += RunOneTest(test);

#10 0x00007FF7E23D2F45 in C:\Users\user\Desktop\cpp\SqrEquation\solve.exe: FlagsCheck() at C:/Users/user/Desktop/cpp/SqrEquation/Flags.cpp:15:

     13:         {
     14:         case 't':
=>   15:             RunTests();
     16:             break;
     17:         case 's':

#11 0x00007FF7E23D1525 in C:\Users\user\Desktop\cpp\SqrEquation\solve.exe: main() at C:/Users/user/Desktop/cpp/SqrEquation/main.cpp:16:

     14: 
     15:     if (argc != 1) {
=>   16:         int status = FlagsCheck(argc, argv, &InColor, &OutColor, &fileToRead);
     17:         if (status != 0) return 1;
     18:     }

--------------------------------------------------
Developed with:

The Dumb Artist Library (TX Library)
TXLib [Ver: 00173a, Rev: 175, Date: 2025-12-31 23:02:50 +0400]
Copyright (C) Ded (Ilya Dedinsky, http://txlib.ru) <mail@txlib.ru>
See license on: http://txlib.ru

TXLib file:	C:\Users\user\Downloads\TX\TXLib.h
Compiled:	Aug 23 2026 21:05:45, GNU g++ 16.1.0, std=202002L, MinGW-W64 Runtime 15.0.0 (alpha - rev. 0) 0000-00-00, 64-bit, DEBUG
Started:	Aug 23 2026 21:15:48

Run file:	C:\Users\user\Desktop\cpp\SqrEquation\solve.exe
Directory:	C:\Users\user\Desktop\cpp\SqrEquation

--------------------------------------------------

--------------------------------------------------
TXLib соболезнует...

Программа: C:\Users\user\Desktop\cpp\SqrEquation\solve.exe,

ВНЕЗАПНО: signal (11, 0x00): SIGSEGV: Доступ по неверному указателю. Ставьте ассерты! 

С помощью функции signal() вы можете сами обработать эту ошибку.

#1: TXLib [Ver: 00173a, Rev: 175, Date: 2025-12-31 23:02:50 +0400], Instance: 0x00007FF7CD5AC7D0 (64-bit), Flags: Cmdre0, Thread: 0x4CE8 (Main). 

--------------------------------------------------
Стек вызовов:

# 0 0x00007FF7CD55AEBB in C:\Users\user\Desktop\cpp\SqrEquation\solve.exe: (anonymous namespace)::TX::_txError() at C:/Users/user/Downloads/TX/TXLib.h:11254
# 1 0x00007FF7CD55B730 in C:\Users\user\Desktop\cpp\SqrEquation\solve.exe: (anonymous namespace)::TX::_txOnSignal() at C:/Users/user/Downloads/TX/TXLib.h:11338
# 2 0x00007FFA454EF2E4 in C:\WINDOWS\System32\ucrtbase.dll: seh_filter_exe()
# 3 0x00007FF7CD585480 in C:\Users\user\Desktop\cpp\SqrEquation\solve.exe: __mingw_SEH_error_handler() at D:/W/B/src/mingw-w64/mingw-w64-crt/crt/crt_handler.c:105
# 4 0x00007FFA48224ABF in C:\WINDOWS\SYSTEM32\ntdll.dll: _chkstk()
# 5 0x00007FFA48105E97 in C:\WINDOWS\SYSTEM32\ntdll.dll: RtlLocateExtendedFeature()
# 6 0x00007FFA482243FE in C:\WINDOWS\SYSTEM32\ntdll.dll: KiUserExceptionDispatcher()

# 7 0x00007FF7CD5834B0 in C:\Users\user\Desktop\cpp\SqrEquation\solve.exe: printLongWord() at C:/Users/user/Desktop/cpp/SqrEquation/BasicText.cpp:73:

     71:         len -= st;
     72:         while(st>0) {
=>   73:             putchar(word[ind++]);
     74:         }
     75:     }

# 8 0x00007FF7CD583394 in C:\Users\user\Desktop\cpp\SqrEquation\solve.exe: slowPrintf() at C:/Users/user/Desktop/cpp/SqrEquation/BasicText.cpp:54:

     52: 
     53:         if (len > 3){
=>   54:             printLongWord(word, len);
     55:         }
     56:         else {

# 9 0x00007FF7CD5414D3 in C:\Users\user\Desktop\cpp\SqrEquation\solve.exe: main() at C:/Users/user/Desktop/cpp/SqrEquation/main.cpp:7:

      5: int main(int argc, char *argv[])
      6: {
=>    7:     slowPrintf("Hi! I can help you to solve your square equation \n");
      8:     slowPrintf("form of equation ax^2 + bx + c = 0\n");
      9: 

--------------------------------------------------
Developed with:

The Dumb Artist Library (TX Library)
TXLib [Ver: 00173a, Rev: 175, Date: 2025-12-31 23:02:50 +0400]
Copyright (C) Ded (Ilya Dedinsky, http://txlib.ru) <mail@txlib.ru>
See license on: http://txlib.ru

TXLib file:	C:\Users\user\Downloads\TX\TXLib.h
Compiled:	Aug 24 2026 15:49:48, GNU g++ 16.1.0, std=202002L, MinGW-W64 Runtime 15.0.0 (alpha - rev. 0) 0000-00-00, 64-bit, DEBUG
Started:	Aug 24 2026 15:49:54

Run file:	C:\Users\user\Desktop\cpp\SqrEquation\solve.exe
Directory:	C:\Users\user\Desktop\cpp\SqrEquation

--------------------------------------------------

--------------------------------------------------
TXLib соболезнует...

Программа: C:\Users\user\Desktop\cpp\SqrEquation\solve.exe,

ВНЕЗАПНО: signal (11, 0x00): SIGSEGV: Доступ по неверному указателю. Ставьте ассерты! 

С помощью функции signal() вы можете сами обработать эту ошибку.

#1: TXLib [Ver: 00173a, Rev: 175, Date: 2025-12-31 23:02:50 +0400], Instance: 0x00007FF7F294C7D0 (64-bit), Flags: Cmdre0, Thread: 0x437C (Main). 

--------------------------------------------------
Стек вызовов:

# 0 0x00007FF7F28FAEBB in C:\Users\user\Desktop\cpp\SqrEquation\solve.exe: (anonymous namespace)::TX::_txError() at C:/Users/user/Downloads/TX/TXLib.h:11254
# 1 0x00007FF7F28FB730 in C:\Users\user\Desktop\cpp\SqrEquation\solve.exe: (anonymous namespace)::TX::_txOnSignal() at C:/Users/user/Downloads/TX/TXLib.h:11338
# 2 0x00007FFA454EF2E4 in C:\WINDOWS\System32\ucrtbase.dll: seh_filter_exe()
# 3 0x00007FF7F2925490 in C:\Users\user\Desktop\cpp\SqrEquation\solve.exe: __mingw_SEH_error_handler() at D:/W/B/src/mingw-w64/mingw-w64-crt/crt/crt_handler.c:105
# 4 0x00007FFA48224ABF in C:\WINDOWS\SYSTEM32\ntdll.dll: _chkstk()
# 5 0x00007FFA48105E97 in C:\WINDOWS\SYSTEM32\ntdll.dll: RtlLocateExtendedFeature()
# 6 0x00007FFA482243FE in C:\WINDOWS\SYSTEM32\ntdll.dll: KiUserExceptionDispatcher()

# 7 0x00007FF7F29234BA in C:\Users\user\Desktop\cpp\SqrEquation\solve.exe: printLongWord() at C:/Users/user/Desktop/cpp/SqrEquation/BasicText.cpp:75:

     73:         len -= st;
     74:         while(st>0) {
=>   75:             putchar(word[ind++]);
     76:         }
     77:     }

# 8 0x00007FF7F2923383 in C:\Users\user\Desktop\cpp\SqrEquation\solve.exe: slowPrintf() at C:/Users/user/Desktop/cpp/SqrEquation/BasicText.cpp:53:

     51: 
     52:         if (len > 3){
=>   53:             printLongWord(word, len);
     54:         }
     55:         else {

# 9 0x00007FF7F28E14D3 in C:\Users\user\Desktop\cpp\SqrEquation\solve.exe: main() at C:/Users/user/Desktop/cpp/SqrEquation/main.cpp:7:

      5: int main(int argc, char *argv[])
      6: {
=>    7:     slowPrintf("Hi! I can help you to solve your square equation \n");
      8:     slowPrintf("form of equation ax^2 + bx + c = 0\n");
      9: 

--------------------------------------------------
Developed with:

The Dumb Artist Library (TX Library)
TXLib [Ver: 00173a, Rev: 175, Date: 2025-12-31 23:02:50 +0400]
Copyright (C) Ded (Ilya Dedinsky, http://txlib.ru) <mail@txlib.ru>
See license on: http://txlib.ru

TXLib file:	C:\Users\user\Downloads\TX\TXLib.h
Compiled:	Aug 24 2026 15:54:11, GNU g++ 16.1.0, std=202002L, MinGW-W64 Runtime 15.0.0 (alpha - rev. 0) 0000-00-00, 64-bit, DEBUG
Started:	Aug 24 2026 15:54:16

Run file:	C:\Users\user\Desktop\cpp\SqrEquation\solve.exe
Directory:	C:\Users\user\Desktop\cpp\SqrEquation

--------------------------------------------------

--------------------------------------------------
TXLib соболезнует...

Программа: C:\Users\user\Desktop\cpp\SqrEquation\solve.exe,

ВНЕЗАПНО: signal (11, 0x00): SIGSEGV: Доступ по неверному указателю. Ставьте ассерты! 

С помощью функции signal() вы можете сами обработать эту ошибку.

#1: TXLib [Ver: 00173a, Rev: 175, Date: 2025-12-31 23:02:50 +0400], Instance: 0x00007FF629BEC7D0 (64-bit), Flags: Cmdre0, Thread: 0xF7C (Main). 

--------------------------------------------------
Стек вызовов:

# 0 0x00007FF629B9AEBB in C:\Users\user\Desktop\cpp\SqrEquation\solve.exe: (anonymous namespace)::TX::_txError() at C:/Users/user/Downloads/TX/TXLib.h:11254
# 1 0x00007FF629B9B730 in C:\Users\user\Desktop\cpp\SqrEquation\solve.exe: (anonymous namespace)::TX::_txOnSignal() at C:/Users/user/Downloads/TX/TXLib.h:11338
# 2 0x00007FFA454EF2E4 in C:\WINDOWS\System32\ucrtbase.dll: seh_filter_exe()
# 3 0x00007FF629BC5490 in C:\Users\user\Desktop\cpp\SqrEquation\solve.exe: __mingw_SEH_error_handler() at D:/W/B/src/mingw-w64/mingw-w64-crt/crt/crt_handler.c:105
# 4 0x00007FFA48224ABF in C:\WINDOWS\SYSTEM32\ntdll.dll: _chkstk()
# 5 0x00007FFA48105E97 in C:\WINDOWS\SYSTEM32\ntdll.dll: RtlLocateExtendedFeature()
# 6 0x00007FFA482243FE in C:\WINDOWS\SYSTEM32\ntdll.dll: KiUserExceptionDispatcher()

# 7 0x00007FF629BC34BA in C:\Users\user\Desktop\cpp\SqrEquation\solve.exe: printLongWord() at C:/Users/user/Desktop/cpp/SqrEquation/BasicText.cpp:75:

     73:         len -= st;
     74:         while(st>0) {
=>   75:             putchar(word[ind++]);
     76:         }
     77:     }

# 8 0x00007FF629BC3383 in C:\Users\user\Desktop\cpp\SqrEquation\solve.exe: slowPrintf() at C:/Users/user/Desktop/cpp/SqrEquation/BasicText.cpp:53:

     51: 
     52:         if (len > 3){
=>   53:             printLongWord(word, len);
     54:         }
     55:         else {

# 9 0x00007FF629B814D3 in C:\Users\user\Desktop\cpp\SqrEquation\solve.exe: main() at C:/Users/user/Desktop/cpp/SqrEquation/main.cpp:7:

      5: int main(int argc, char *argv[])
      6: {
=>    7:     slowPrintf("Hi! I can help you to solve your square equation \n");
      8:     slowPrintf("form of equation ax^2 + bx + c = 0\n");
      9: 

--------------------------------------------------
Developed with:

The Dumb Artist Library (TX Library)
TXLib [Ver: 00173a, Rev: 175, Date: 2025-12-31 23:02:50 +0400]
Copyright (C) Ded (Ilya Dedinsky, http://txlib.ru) <mail@txlib.ru>
See license on: http://txlib.ru

TXLib file:	C:\Users\user\Downloads\TX\TXLib.h
Compiled:	Aug 24 2026 15:55:11, GNU g++ 16.1.0, std=202002L, MinGW-W64 Runtime 15.0.0 (alpha - rev. 0) 0000-00-00, 64-bit, DEBUG
Started:	Aug 24 2026 15:55:16

Run file:	C:\Users\user\Desktop\cpp\SqrEquation\solve.exe
Directory:	C:\Users\user\Desktop\cpp\SqrEquation

--------------------------------------------------

--------------------------------------------------
TXLib соболезнует...

Программа: C:\Users\user\Desktop\cpp\SqrEquation\solve.exe,

ВНЕЗАПНО: signal (11, 0x00): SIGSEGV: Доступ по неверному указателю. Ставьте ассерты! 

С помощью функции signal() вы можете сами обработать эту ошибку.

#1: TXLib [Ver: 00173a, Rev: 175, Date: 2025-12-31 23:02:50 +0400], Instance: 0x00007FF6AC5CC7D0 (64-bit), Flags: Cmdre0, Thread: 0x14D8 (Main). 

--------------------------------------------------
Стек вызовов:

# 0 0x00007FF6AC57AEBB in C:\Users\user\Desktop\cpp\SqrEquation\solve.exe: (anonymous namespace)::TX::_txError() at C:/Users/user/Downloads/TX/TXLib.h:11254
# 1 0x00007FF6AC57B730 in C:\Users\user\Desktop\cpp\SqrEquation\solve.exe: (anonymous namespace)::TX::_txOnSignal() at C:/Users/user/Downloads/TX/TXLib.h:11338
# 2 0x00007FFA454EF2E4 in C:\WINDOWS\System32\ucrtbase.dll: seh_filter_exe()
# 3 0x00007FF6AC5A5420 in C:\Users\user\Desktop\cpp\SqrEquation\solve.exe: __mingw_SEH_error_handler() at D:/W/B/src/mingw-w64/mingw-w64-crt/crt/crt_handler.c:105
# 4 0x00007FFA48224ABF in C:\WINDOWS\SYSTEM32\ntdll.dll: _chkstk()
# 5 0x00007FFA48105E97 in C:\WINDOWS\SYSTEM32\ntdll.dll: RtlLocateExtendedFeature()
# 6 0x00007FFA482243FE in C:\WINDOWS\SYSTEM32\ntdll.dll: KiUserExceptionDispatcher()

# 7 0x00007FF6AC5A344D in C:\Users\user\Desktop\cpp\SqrEquation\solve.exe: printLongWord() at C:/Users/user/Desktop/cpp/SqrEquation/BasicText.cpp:75:

     73:         len -= st;
     74:         while(st>0) {
=>   75:             putchar(word[ind++]);
     76:         }
     77:     }

# 8 0x00007FF6AC5A332B in C:\Users\user\Desktop\cpp\SqrEquation\solve.exe: slowPrintf() at C:/Users/user/Desktop/cpp/SqrEquation/BasicText.cpp:53:

     51: 
     52:         if (len > 3){
=>   53:             printLongWord(word, len);
     54:         }
     55:         else {

# 9 0x00007FF6AC5614D3 in C:\Users\user\Desktop\cpp\SqrEquation\solve.exe: main() at C:/Users/user/Desktop/cpp/SqrEquation/main.cpp:7:

      5: int main(int argc, char *argv[])
      6: {
=>    7:     slowPrintf("Hi! I can help you to solve your square equation \n");
      8:     slowPrintf("form of equation ax^2 + bx + c = 0\n");
      9: 

--------------------------------------------------
Developed with:

The Dumb Artist Library (TX Library)
TXLib [Ver: 00173a, Rev: 175, Date: 2025-12-31 23:02:50 +0400]
Copyright (C) Ded (Ilya Dedinsky, http://txlib.ru) <mail@txlib.ru>
See license on: http://txlib.ru

TXLib file:	C:\Users\user\Downloads\TX\TXLib.h
Compiled:	Aug 24 2026 15:56:26, GNU g++ 16.1.0, std=202002L, MinGW-W64 Runtime 15.0.0 (alpha - rev. 0) 0000-00-00, 64-bit, DEBUG
Started:	Aug 24 2026 15:56:32

Run file:	C:\Users\user\Desktop\cpp\SqrEquation\solve.exe
Directory:	C:\Users\user\Desktop\cpp\SqrEquation

--------------------------------------------------

--------------------------------------------------
TXLib соболезнует...

Программа: C:\Users\user\Desktop\cpp\SqrEquation\solve.exe,

ВНЕЗАПНО: signal (11, 0x00): SIGSEGV: Доступ по неверному указателю. Ставьте ассерты! 

С помощью функции signal() вы можете сами обработать эту ошибку.

#1: TXLib [Ver: 00173a, Rev: 175, Date: 2025-12-31 23:02:50 +0400], Instance: 0x00007FF6ED01C7D0 (64-bit), Flags: Cmdre0, Thread: 0x1C1C (Main). 

--------------------------------------------------
Стек вызовов:

# 0 0x00007FF6ECFCAEBB in C:\Users\user\Desktop\cpp\SqrEquation\solve.exe: (anonymous namespace)::TX::_txError() at C:/Users/user/Downloads/TX/TXLib.h:11254
# 1 0x00007FF6ECFCB730 in C:\Users\user\Desktop\cpp\SqrEquation\solve.exe: (anonymous namespace)::TX::_txOnSignal() at C:/Users/user/Downloads/TX/TXLib.h:11338
# 2 0x00007FFA454EF2E4 in C:\WINDOWS\System32\ucrtbase.dll: seh_filter_exe()
# 3 0x00007FF6ECFF5420 in C:\Users\user\Desktop\cpp\SqrEquation\solve.exe: __mingw_SEH_error_handler() at D:/W/B/src/mingw-w64/mingw-w64-crt/crt/crt_handler.c:105
# 4 0x00007FFA48224ABF in C:\WINDOWS\SYSTEM32\ntdll.dll: _chkstk()
# 5 0x00007FFA48105E97 in C:\WINDOWS\SYSTEM32\ntdll.dll: RtlLocateExtendedFeature()
# 6 0x00007FFA482243FE in C:\WINDOWS\SYSTEM32\ntdll.dll: KiUserExceptionDispatcher()

# 7 0x00007FF6ECFF344D in C:\Users\user\Desktop\cpp\SqrEquation\solve.exe: printLongWord() at C:/Users/user/Desktop/cpp/SqrEquation/BasicText.cpp:75:

     73:         len -= st;
     74:         while(st>0) {
=>   75:             putchar(word[ind++]);
     76:         }
     77:     }

# 8 0x00007FF6ECFF332B in C:\Users\user\Desktop\cpp\SqrEquation\solve.exe: slowPrintf() at C:/Users/user/Desktop/cpp/SqrEquation/BasicText.cpp:53:

     51: 
     52:         if (len > 3){
=>   53:             printLongWord(word, len);
     54:         }
     55:         else {

# 9 0x00007FF6ECFB14D3 in C:\Users\user\Desktop\cpp\SqrEquation\solve.exe: main() at C:/Users/user/Desktop/cpp/SqrEquation/main.cpp:7:

      5: int main(int argc, char *argv[])
      6: {
=>    7:     slowPrintf("Hi! I can help you to solve your square equation \n");
      8:     slowPrintf("form of equation ax^2 + bx + c = 0\n");
      9: 

--------------------------------------------------
Developed with:

The Dumb Artist Library (TX Library)
TXLib [Ver: 00173a, Rev: 175, Date: 2025-12-31 23:02:50 +0400]
Copyright (C) Ded (Ilya Dedinsky, http://txlib.ru) <mail@txlib.ru>
See license on: http://txlib.ru

TXLib file:	C:\Users\user\Downloads\TX\TXLib.h
Compiled:	Aug 24 2026 15:58:11, GNU g++ 16.1.0, std=202002L, MinGW-W64 Runtime 15.0.0 (alpha - rev. 0) 0000-00-00, 64-bit, DEBUG
Started:	Aug 24 2026 15:58:16

Run file:	C:\Users\user\Desktop\cpp\SqrEquation\solve.exe
Directory:	C:\Users\user\Desktop\cpp\SqrEquation

--------------------------------------------------

--------------------------------------------------
TXLib соболезнует...

Программа: C:\Users\user\Desktop\cpp\SqrEquation\solve.exe,

ВНЕЗАПНО: signal (11, 0x00): SIGSEGV: Доступ по неверному указателю. Ставьте ассерты! 

С помощью функции signal() вы можете сами обработать эту ошибку.

#1: TXLib [Ver: 00173a, Rev: 175, Date: 2025-12-31 23:02:50 +0400], Instance: 0x00007FF756C0C7D0 (64-bit), Flags: Cmdre0, Thread: 0x1D44 (Main). 

--------------------------------------------------
Стек вызовов:

# 0 0x00007FF756BBAEBB in C:\Users\user\Desktop\cpp\SqrEquation\solve.exe: (anonymous namespace)::TX::_txError() at C:/Users/user/Downloads/TX/TXLib.h:11254
# 1 0x00007FF756BBB730 in C:\Users\user\Desktop\cpp\SqrEquation\solve.exe: (anonymous namespace)::TX::_txOnSignal() at C:/Users/user/Downloads/TX/TXLib.h:11338
# 2 0x00007FFA454EF2E4 in C:\WINDOWS\System32\ucrtbase.dll: seh_filter_exe()
# 3 0x00007FF756BE5420 in C:\Users\user\Desktop\cpp\SqrEquation\solve.exe: __mingw_SEH_error_handler() at D:/W/B/src/mingw-w64/mingw-w64-crt/crt/crt_handler.c:105
# 4 0x00007FFA48224ABF in C:\WINDOWS\SYSTEM32\ntdll.dll: _chkstk()
# 5 0x00007FFA48105E97 in C:\WINDOWS\SYSTEM32\ntdll.dll: RtlLocateExtendedFeature()
# 6 0x00007FFA482243FE in C:\WINDOWS\SYSTEM32\ntdll.dll: KiUserExceptionDispatcher()

# 7 0x00007FF756BE344D in C:\Users\user\Desktop\cpp\SqrEquation\solve.exe: printLongWord() at C:/Users/user/Desktop/cpp/SqrEquation/BasicText.cpp:75:

     73:         len -= st;
     74:         while(st>0) {
=>   75:             putchar(word[ind++]);
     76:         }
     77:     }

# 8 0x00007FF756BE332B in C:\Users\user\Desktop\cpp\SqrEquation\solve.exe: slowPrintf() at C:/Users/user/Desktop/cpp/SqrEquation/BasicText.cpp:53:

     51: 
     52:         if (len > 3){
=>   53:             printLongWord(word, len);
     54:         }
     55:         else {

# 9 0x00007FF756BA14D3 in C:\Users\user\Desktop\cpp\SqrEquation\solve.exe: main() at C:/Users/user/Desktop/cpp/SqrEquation/main.cpp:7:

      5: int main(int argc, char *argv[])
      6: {
=>    7:     slowPrintf("Hi! I can help you to solve your square equation \n");
      8:     slowPrintf("form of equation ax^2 + bx + c = 0\n");
      9: 

--------------------------------------------------
Developed with:

The Dumb Artist Library (TX Library)
TXLib [Ver: 00173a, Rev: 175, Date: 2025-12-31 23:02:50 +0400]
Copyright (C) Ded (Ilya Dedinsky, http://txlib.ru) <mail@txlib.ru>
See license on: http://txlib.ru

TXLib file:	C:\Users\user\Downloads\TX\TXLib.h
Compiled:	Aug 24 2026 15:59:39, GNU g++ 16.1.0, std=202002L, MinGW-W64 Runtime 15.0.0 (alpha - rev. 0) 0000-00-00, 64-bit, DEBUG
Started:	Aug 24 2026 15:59:44

Run file:	C:\Users\user\Desktop\cpp\SqrEquation\solve.exe
Directory:	C:\Users\user\Desktop\cpp\SqrEquation

--------------------------------------------------

--------------------------------------------------
TXLib соболезнует...

Программа: C:\Users\user\Desktop\cpp\SqrEquation\solve.exe,

ВНЕЗАПНО: signal (11, 0x00): SIGSEGV: Доступ по неверному указателю. Ставьте ассерты! 

С помощью функции signal() вы можете сами обработать эту ошибку.

#1: TXLib [Ver: 00173a, Rev: 175, Date: 2025-12-31 23:02:50 +0400], Instance: 0x00007FF76558C7D0 (64-bit), Flags: Cmdre0, Thread: 0x5E0 (Main). 

--------------------------------------------------
Стек вызовов:

# 0 0x00007FF76553AEBB in C:\Users\user\Desktop\cpp\SqrEquation\solve.exe: (anonymous namespace)::TX::_txError() at C:/Users/user/Downloads/TX/TXLib.h:11254
# 1 0x00007FF76553B730 in C:\Users\user\Desktop\cpp\SqrEquation\solve.exe: (anonymous namespace)::TX::_txOnSignal() at C:/Users/user/Downloads/TX/TXLib.h:11338
# 2 0x00007FFA454EF2E4 in C:\WINDOWS\System32\ucrtbase.dll: seh_filter_exe()
# 3 0x00007FF765565450 in C:\Users\user\Desktop\cpp\SqrEquation\solve.exe: __mingw_SEH_error_handler() at D:/W/B/src/mingw-w64/mingw-w64-crt/crt/crt_handler.c:105
# 4 0x00007FFA48224ABF in C:\WINDOWS\SYSTEM32\ntdll.dll: _chkstk()
# 5 0x00007FFA48105E97 in C:\WINDOWS\SYSTEM32\ntdll.dll: RtlLocateExtendedFeature()
# 6 0x00007FFA482243FE in C:\WINDOWS\SYSTEM32\ntdll.dll: KiUserExceptionDispatcher()

# 7 0x00007FF765563450 in C:\Users\user\Desktop\cpp\SqrEquation\solve.exe: printLongWord() at C:/Users/user/Desktop/cpp/SqrEquation/BasicText.cpp:75:

     73:         len -= st;
     74:         while(st>0) {
=>   75:             printf(RED "%c" COLOR_RESET, word[ind++]);
     76:             putchar(word[ind++]);
     77:         }

# 8 0x00007FF76556332B in C:\Users\user\Desktop\cpp\SqrEquation\solve.exe: slowPrintf() at C:/Users/user/Desktop/cpp/SqrEquation/BasicText.cpp:53:

     51: 
     52:         if (len > 3){
=>   53:             printLongWord(word, len);
     54:         }
     55:         else {

# 9 0x00007FF7655214D3 in C:\Users\user\Desktop\cpp\SqrEquation\solve.exe: main() at C:/Users/user/Desktop/cpp/SqrEquation/main.cpp:7:

      5: int main(int argc, char *argv[])
      6: {
=>    7:     slowPrintf("Hi! I can help you to solve your square equation \n");
      8:     slowPrintf("form of equation ax^2 + bx + c = 0\n");
      9: 

--------------------------------------------------
Developed with:

The Dumb Artist Library (TX Library)
TXLib [Ver: 00173a, Rev: 175, Date: 2025-12-31 23:02:50 +0400]
Copyright (C) Ded (Ilya Dedinsky, http://txlib.ru) <mail@txlib.ru>
See license on: http://txlib.ru

TXLib file:	C:\Users\user\Downloads\TX\TXLib.h
Compiled:	Aug 24 2026 16:01:20, GNU g++ 16.1.0, std=202002L, MinGW-W64 Runtime 15.0.0 (alpha - rev. 0) 0000-00-00, 64-bit, DEBUG
Started:	Aug 24 2026 16:01:26

Run file:	C:\Users\user\Desktop\cpp\SqrEquation\solve.exe
Directory:	C:\Users\user\Desktop\cpp\SqrEquation

--------------------------------------------------

--------------------------------------------------
TXLib соболезнует...

Программа: C:\Users\user\Desktop\cpp\SqrEquation\solve.exe,

ВНЕЗАПНО: signal (11, 0x00): SIGSEGV: Доступ по неверному указателю. Ставьте ассерты! 

С помощью функции signal() вы можете сами обработать эту ошибку.

#1: TXLib [Ver: 00173a, Rev: 175, Date: 2025-12-31 23:02:50 +0400], Instance: 0x00007FF78C34C7D0 (64-bit), Flags: Cmdre0, Thread: 0x5C68 (Main). 

--------------------------------------------------
Стек вызовов:

# 0 0x00007FF78C2FAEBB in C:\Users\user\Desktop\cpp\SqrEquation\solve.exe: (anonymous namespace)::TX::_txError() at C:/Users/user/Downloads/TX/TXLib.h:11254
# 1 0x00007FF78C2FB730 in C:\Users\user\Desktop\cpp\SqrEquation\solve.exe: (anonymous namespace)::TX::_txOnSignal() at C:/Users/user/Downloads/TX/TXLib.h:11338
# 2 0x00007FFA454EF2E4 in C:\WINDOWS\System32\ucrtbase.dll: seh_filter_exe()
# 3 0x00007FF78C325460 in C:\Users\user\Desktop\cpp\SqrEquation\solve.exe: __mingw_SEH_error_handler() at D:/W/B/src/mingw-w64/mingw-w64-crt/crt/crt_handler.c:105
# 4 0x00007FFA48224ABF in C:\WINDOWS\SYSTEM32\ntdll.dll: _chkstk()
# 5 0x00007FFA48105E97 in C:\WINDOWS\SYSTEM32\ntdll.dll: RtlLocateExtendedFeature()
# 6 0x00007FFA482243FE in C:\WINDOWS\SYSTEM32\ntdll.dll: KiUserExceptionDispatcher()

# 7 0x00007FF78C323461 in C:\Users\user\Desktop\cpp\SqrEquation\solve.exe: printLongWord() at C:/Users/user/Desktop/cpp/SqrEquation/BasicText.cpp:76:

     74:         len -= st;
     75:         while(st>0) {
=>   76:             printf(RED "%c" COLOR_RESET, word[ind++]);
     77:             putchar(word[ind++]);
     78:         }

# 8 0x00007FF78C32333C in C:\Users\user\Desktop\cpp\SqrEquation\solve.exe: slowPrintf() at C:/Users/user/Desktop/cpp/SqrEquation/BasicText.cpp:54:

     52: 
     53:         if (len > 3){
=>   54:             printLongWord(word, len);
     55:         }
     56:         else {

# 9 0x00007FF78C2E14D3 in C:\Users\user\Desktop\cpp\SqrEquation\solve.exe: main() at C:/Users/user/Desktop/cpp/SqrEquation/main.cpp:7:

      5: int main(int argc, char *argv[])
      6: {
=>    7:     slowPrintf("Hi! I can help you to solve your square equation \n");
      8:     slowPrintf("form of equation ax^2 + bx + c = 0\n");
      9: 

--------------------------------------------------
Developed with:

The Dumb Artist Library (TX Library)
TXLib [Ver: 00173a, Rev: 175, Date: 2025-12-31 23:02:50 +0400]
Copyright (C) Ded (Ilya Dedinsky, http://txlib.ru) <mail@txlib.ru>
See license on: http://txlib.ru

TXLib file:	C:\Users\user\Downloads\TX\TXLib.h
Compiled:	Aug 24 2026 16:02:16, GNU g++ 16.1.0, std=202002L, MinGW-W64 Runtime 15.0.0 (alpha - rev. 0) 0000-00-00, 64-bit, DEBUG
Started:	Aug 24 2026 16:02:21

Run file:	C:\Users\user\Desktop\cpp\SqrEquation\solve.exe
Directory:	C:\Users\user\Desktop\cpp\SqrEquation

--------------------------------------------------

--------------------------------------------------
TXLib соболезнует...

Программа: C:\Users\user\Desktop\cpp\SqrEquation\solve.exe,

ВНЕЗАПНО: signal (11, 0x00): SIGSEGV: Доступ по неверному указателю. Ставьте ассерты! 

С помощью функции signal() вы можете сами обработать эту ошибку.

#1: TXLib [Ver: 00173a, Rev: 175, Date: 2025-12-31 23:02:50 +0400], Instance: 0x00007FF7016DC7D0 (64-bit), Flags: Cmdre0, Thread: 0x4E54 (Main). 

--------------------------------------------------
Стек вызовов:

# 0 0x00007FF70168AEBB in C:\Users\user\Desktop\cpp\SqrEquation\solve.exe: (anonymous namespace)::TX::_txError() at C:/Users/user/Downloads/TX/TXLib.h:11254
# 1 0x00007FF70168B730 in C:\Users\user\Desktop\cpp\SqrEquation\solve.exe: (anonymous namespace)::TX::_txOnSignal() at C:/Users/user/Downloads/TX/TXLib.h:11338
# 2 0x00007FFA454EF2E4 in C:\WINDOWS\System32\ucrtbase.dll: seh_filter_exe()
# 3 0x00007FF7016B5460 in C:\Users\user\Desktop\cpp\SqrEquation\solve.exe: __mingw_SEH_error_handler() at D:/W/B/src/mingw-w64/mingw-w64-crt/crt/crt_handler.c:105
# 4 0x00007FFA48224ABF in C:\WINDOWS\SYSTEM32\ntdll.dll: _chkstk()
# 5 0x00007FFA48105E97 in C:\WINDOWS\SYSTEM32\ntdll.dll: RtlLocateExtendedFeature()
# 6 0x00007FFA482243FE in C:\WINDOWS\SYSTEM32\ntdll.dll: KiUserExceptionDispatcher()

# 7 0x00007FF7016B3466 in C:\Users\user\Desktop\cpp\SqrEquation\solve.exe: printLongWord() at C:/Users/user/Desktop/cpp/SqrEquation/BasicText.cpp:76:

     74:         len -= st;
     75:         while(st>0) {
=>   76:             printf(RED "%c" COLOR_RESET, word[ind++]);
     77:             putchar(word[ind++]);
     78:         }

# 8 0x00007FF7016B3341 in C:\Users\user\Desktop\cpp\SqrEquation\solve.exe: slowPrintf() at C:/Users/user/Desktop/cpp/SqrEquation/BasicText.cpp:54:

     52: 
     53:         if (len > 3){
=>   54:             printLongWord(word, len);
     55:         }
     56:         else {

# 9 0x00007FF7016714D3 in C:\Users\user\Desktop\cpp\SqrEquation\solve.exe: main() at C:/Users/user/Desktop/cpp/SqrEquation/main.cpp:7:

      5: int main(int argc, char *argv[])
      6: {
=>    7:     slowPrintf("Hi! I can help you to solve your square equation \n");
      8:     slowPrintf("form of equation ax^2 + bx + c = 0\n");
      9: 

--------------------------------------------------
Developed with:

The Dumb Artist Library (TX Library)
TXLib [Ver: 00173a, Rev: 175, Date: 2025-12-31 23:02:50 +0400]
Copyright (C) Ded (Ilya Dedinsky, http://txlib.ru) <mail@txlib.ru>
See license on: http://txlib.ru

TXLib file:	C:\Users\user\Downloads\TX\TXLib.h
Compiled:	Aug 24 2026 16:03:17, GNU g++ 16.1.0, std=202002L, MinGW-W64 Runtime 15.0.0 (alpha - rev. 0) 0000-00-00, 64-bit, DEBUG
Started:	Aug 24 2026 16:03:22

Run file:	C:\Users\user\Desktop\cpp\SqrEquation\solve.exe
Directory:	C:\Users\user\Desktop\cpp\SqrEquation

--------------------------------------------------

--------------------------------------------------
TXLib соболезнует...

Программа: C:\Users\user\Desktop\cpp\SqrEquation\solve.exe,

ВНЕЗАПНО: signal (11, 0x00): SIGSEGV: Доступ по неверному указателю. Ставьте ассерты! 

С помощью функции signal() вы можете сами обработать эту ошибку.

#1: TXLib [Ver: 00173a, Rev: 175, Date: 2025-12-31 23:02:50 +0400], Instance: 0x00007FF60368C7D0 (64-bit), Flags: Cmdre0, Thread: 0x7458 (Main). 

--------------------------------------------------
Стек вызовов:

# 0 0x00007FF60363AEBB in C:\Users\user\Desktop\cpp\SqrEquation\solve.exe: (anonymous namespace)::TX::_txError() at C:/Users/user/Downloads/TX/TXLib.h:11254
# 1 0x00007FF60363B730 in C:\Users\user\Desktop\cpp\SqrEquation\solve.exe: (anonymous namespace)::TX::_txOnSignal() at C:/Users/user/Downloads/TX/TXLib.h:11338
# 2 0x00007FFA454EF2E4 in C:\WINDOWS\System32\ucrtbase.dll: seh_filter_exe()
# 3 0x00007FF603665470 in C:\Users\user\Desktop\cpp\SqrEquation\solve.exe: __mingw_SEH_error_handler() at D:/W/B/src/mingw-w64/mingw-w64-crt/crt/crt_handler.c:105
# 4 0x00007FFA48224ABF in C:\WINDOWS\SYSTEM32\ntdll.dll: _chkstk()
# 5 0x00007FFA48105E97 in C:\WINDOWS\SYSTEM32\ntdll.dll: RtlLocateExtendedFeature()
# 6 0x00007FFA482243FE in C:\WINDOWS\SYSTEM32\ntdll.dll: KiUserExceptionDispatcher()

# 7 0x00007FF603663466 in C:\Users\user\Desktop\cpp\SqrEquation\solve.exe: printLongWord() at C:/Users/user/Desktop/cpp/SqrEquation/BasicText.cpp:76:

     74:         len -= st;
     75:         while(st>0) {
=>   76:             printf(RED "%c" COLOR_RESET, word[ind++]);
     77:             putchar(word[ind++]);
     78:         }

# 8 0x00007FF603663341 in C:\Users\user\Desktop\cpp\SqrEquation\solve.exe: slowPrintf() at C:/Users/user/Desktop/cpp/SqrEquation/BasicText.cpp:54:

     52: 
     53:         if (len > 3){
=>   54:             printLongWord(word, len);
     55:         }
     56:         else {

# 9 0x00007FF6036214D3 in C:\Users\user\Desktop\cpp\SqrEquation\solve.exe: main() at C:/Users/user/Desktop/cpp/SqrEquation/main.cpp:7:

      5: int main(int argc, char *argv[])
      6: {
=>    7:     slowPrintf("Hi! I can help you to solve your square equation \n");
      8:     slowPrintf("form of equation ax^2 + bx + c = 0\n");
      9: 

--------------------------------------------------
Developed with:

The Dumb Artist Library (TX Library)
TXLib [Ver: 00173a, Rev: 175, Date: 2025-12-31 23:02:50 +0400]
Copyright (C) Ded (Ilya Dedinsky, http://txlib.ru) <mail@txlib.ru>
See license on: http://txlib.ru

TXLib file:	C:\Users\user\Downloads\TX\TXLib.h
Compiled:	Aug 24 2026 16:04:09, GNU g++ 16.1.0, std=202002L, MinGW-W64 Runtime 15.0.0 (alpha - rev. 0) 0000-00-00, 64-bit, DEBUG
Started:	Aug 24 2026 16:04:13

Run file:	C:\Users\user\Desktop\cpp\SqrEquation\solve.exe
Directory:	C:\Users\user\Desktop\cpp\SqrEquation

--------------------------------------------------

--------------------------------------------------
TXLib соболезнует...

Программа: C:\Users\user\Desktop\cpp\SqrEquation\solve.exe,

ВНЕЗАПНО: signal (11, 0x00): SIGSEGV: Доступ по неверному указателю. Ставьте ассерты! 

С помощью функции signal() вы можете сами обработать эту ошибку.

#1: TXLib [Ver: 00173a, Rev: 175, Date: 2025-12-31 23:02:50 +0400], Instance: 0x00007FF775A9C7D0 (64-bit), Flags: Cmdre0, Thread: 0x7BD0 (Main). 

--------------------------------------------------
Стек вызовов:

# 0 0x00007FF775A4AEBB in C:\Users\user\Desktop\cpp\SqrEquation\solve.exe: (anonymous namespace)::TX::_txError() at C:/Users/user/Downloads/TX/TXLib.h:11254
# 1 0x00007FF775A4B730 in C:\Users\user\Desktop\cpp\SqrEquation\solve.exe: (anonymous namespace)::TX::_txOnSignal() at C:/Users/user/Downloads/TX/TXLib.h:11338
# 2 0x00007FFA454EF2E4 in C:\WINDOWS\System32\ucrtbase.dll: seh_filter_exe()
# 3 0x00007FF775A75460 in C:\Users\user\Desktop\cpp\SqrEquation\solve.exe: __mingw_SEH_error_handler() at D:/W/B/src/mingw-w64/mingw-w64-crt/crt/crt_handler.c:105
# 4 0x00007FFA48224ABF in C:\WINDOWS\SYSTEM32\ntdll.dll: _chkstk()
# 5 0x00007FFA48105E97 in C:\WINDOWS\SYSTEM32\ntdll.dll: RtlLocateExtendedFeature()
# 6 0x00007FFA482243FE in C:\WINDOWS\SYSTEM32\ntdll.dll: KiUserExceptionDispatcher()

# 7 0x00007FF775A73466 in C:\Users\user\Desktop\cpp\SqrEquation\solve.exe: printLongWord() at C:/Users/user/Desktop/cpp/SqrEquation/BasicText.cpp:76:

     74:         len -= st;
     75:         while(st>0) {
=>   76:             printf(RED "%c" COLOR_RESET, word[ind++]);
     77:             putchar(word[ind++]);
     78:         }

# 8 0x00007FF775A73341 in C:\Users\user\Desktop\cpp\SqrEquation\solve.exe: slowPrintf() at C:/Users/user/Desktop/cpp/SqrEquation/BasicText.cpp:54:

     52: 
     53:         if (len > 3){
=>   54:             printLongWord(word, len);
     55:         }
     56:         else {

# 9 0x00007FF775A314D3 in C:\Users\user\Desktop\cpp\SqrEquation\solve.exe: main() at C:/Users/user/Desktop/cpp/SqrEquation/main.cpp:7:

      5: int main(int argc, char *argv[])
      6: {
=>    7:     slowPrintf("Hi! I can help you to solve your square equation \n");
      8:     slowPrintf("form of equation ax^2 + bx + c = 0\n");
      9: 

--------------------------------------------------
Developed with:

The Dumb Artist Library (TX Library)
TXLib [Ver: 00173a, Rev: 175, Date: 2025-12-31 23:02:50 +0400]
Copyright (C) Ded (Ilya Dedinsky, http://txlib.ru) <mail@txlib.ru>
See license on: http://txlib.ru

TXLib file:	C:\Users\user\Downloads\TX\TXLib.h
Compiled:	Aug 24 2026 16:05:07, GNU g++ 16.1.0, std=202002L, MinGW-W64 Runtime 15.0.0 (alpha - rev. 0) 0000-00-00, 64-bit, DEBUG
Started:	Aug 24 2026 16:05:12

Run file:	C:\Users\user\Desktop\cpp\SqrEquation\solve.exe
Directory:	C:\Users\user\Desktop\cpp\SqrEquation

--------------------------------------------------
