
--------------------------------------------------
TXLib сообщает:

Программа: C:\Users\user\Desktop\cpp\SqrEquation\solve.exe, файл: C:\Users\user\Downloads\TX\TXLib.h, строка: 10397, функция: bool {anonymous}::TX::_txCanvas_OnDESTROY(HWND),

Сообщение: Cannot lock GDI to free resources

#1: TXLib [Ver: 00173a, Rev: 175, Date: 2025-12-31 23:02:50 +0400], Instance: 0x00007FF6B9C73030 (64-bit), Flags: cMdRE0, Thread: 0x75B4 (Canvas). 

--------------------------------------------------
Стек вызовов:

# 0 0x00007FF6B9B8A97B in C:\Users\user\Desktop\cpp\SqrEquation\solve.exe: (anonymous namespace)::TX::_txError() at C:/Users/user/Downloads/TX/TXLib.h:11254
# 1 0x00007FF6B9B83072 in C:\Users\user\Desktop\cpp\SqrEquation\solve.exe: (anonymous namespace)::TX::_txCanvas_OnDESTROY() at C:/Users/user/Downloads/TX/TXLib.h:10397
# 2 0x00007FF6B9B822A7 in C:\Users\user\Desktop\cpp\SqrEquation\solve.exe: (anonymous namespace)::TX::_txCanvas_WndProc() at C:/Users/user/Downloads/TX/TXLib.h:10314
# 3 0x00007FFA47BFC366 in C:\WINDOWS\System32\USER32.dll: CallWindowProcW()
# 4 0x00007FFA47BFBBEC in C:\WINDOWS\System32\USER32.dll: SendMessageW()
# 5 0x00007FFA47C30A23 in C:\WINDOWS\System32\USER32.dll: GetWindowDpiAwarenessContext()
# 6 0x00007FFA482243A4 in C:\WINDOWS\SYSTEM32\ntdll.dll: KiUserCallbackDispatcher()
# 7 0x00007FFA457B1364 in C:\WINDOWS\System32\win32u.dll: NtUserMessageCall()
# 8 0x00007FFA47BF8E1B in C:\WINDOWS\System32\USER32.dll: GetSystemMetrics()
# 9 0x00007FFA47C088FE in C:\WINDOWS\System32\USER32.dll: SetScrollInfo()
#10 0x00007FF6B9B827E8 in C:\Users\user\Desktop\cpp\SqrEquation\solve.exe: (anonymous namespace)::TX::_txCanvas_WndProc() at C:/Users/user/Downloads/TX/TXLib.h:10353
#11 0x00007FFA47BFC366 in C:\WINDOWS\System32\USER32.dll: CallWindowProcW()
#12 0x00007FFA47BFBBEC in C:\WINDOWS\System32\USER32.dll: SendMessageW()
#13 0x00007FFA47C30A23 in C:\WINDOWS\System32\USER32.dll: GetWindowDpiAwarenessContext()
#14 0x00007FFA482243A4 in C:\WINDOWS\SYSTEM32\ntdll.dll: KiUserCallbackDispatcher()
#15 0x00007FFA457B1364 in C:\WINDOWS\System32\win32u.dll: NtUserMessageCall()
#16 0x00007FFA47BF8E1B in C:\WINDOWS\System32\USER32.dll: GetSystemMetrics()
#17 0x00007FFA47BF8A69 in C:\WINDOWS\System32\USER32.dll: GetSystemMetricsForDpi()
#18 0x00007FFA41EA759D in C:\WINDOWS\system32\uxtheme.dll: GetImmersiveUserColorSetPreference()
#19 0x00007FFA41EEDC36 in C:\WINDOWS\system32\uxtheme.dll: Ordinal140()
#20 0x00007FFA41EA95FF in C:\WINDOWS\system32\uxtheme.dll: GetImmersiveUserColorSetPreference()
#21 0x00007FFA41EA835E in C:\WINDOWS\system32\uxtheme.dll: GetImmersiveUserColorSetPreference()
#22 0x00007FFA47C0891C in C:\WINDOWS\System32\USER32.dll: SetScrollInfo()
#23 0x00007FF6B9B827E8 in C:\Users\user\Desktop\cpp\SqrEquation\solve.exe: (anonymous namespace)::TX::_txCanvas_WndProc() at C:/Users/user/Downloads/TX/TXLib.h:10353
#24 0x00007FFA47BFC366 in C:\WINDOWS\System32\USER32.dll: CallWindowProcW()
#25 0x00007FFA47BFBBEC in C:\WINDOWS\System32\USER32.dll: SendMessageW()
#26 0x00007FFA47C30A23 in C:\WINDOWS\System32\USER32.dll: GetWindowDpiAwarenessContext()
#27 0x00007FFA482243A4 in C:\WINDOWS\SYSTEM32\ntdll.dll: KiUserCallbackDispatcher()
#28 0x00007FFA457B1364 in C:\WINDOWS\System32\win32u.dll: NtUserMessageCall()
#29 0x00007FFA47BF8E1B in C:\WINDOWS\System32\USER32.dll: GetSystemMetrics()
#30 0x00007FFA47BF8A69 in C:\WINDOWS\System32\USER32.dll: GetSystemMetricsForDpi()
#31 0x00007FFA41EA759D in C:\WINDOWS\system32\uxtheme.dll: GetImmersiveUserColorSetPreference()
#32 0x00007FFA41EE73F9 in C:\WINDOWS\system32\uxtheme.dll: SetWindowThemeAttribute()
#33 0x00007FFA41EA95FF in C:\WINDOWS\system32\uxtheme.dll: GetImmersiveUserColorSetPreference()
#34 0x00007FFA41EA835E in C:\WINDOWS\system32\uxtheme.dll: GetImmersiveUserColorSetPreference()
#35 0x00007FFA47C0891C in C:\WINDOWS\System32\USER32.dll: SetScrollInfo()
#36 0x00007FF6B9B827E8 in C:\Users\user\Desktop\cpp\SqrEquation\solve.exe: (anonymous namespace)::TX::_txCanvas_WndProc() at C:/Users/user/Downloads/TX/TXLib.h:10353
#37 0x00007FFA47BFC366 in C:\WINDOWS\System32\USER32.dll: CallWindowProcW()
#38 0x00007FFA47BFA7BD in C:\WINDOWS\System32\USER32.dll: IsWindowUnicode()
#39 0x00007FF6B9B7FE3C in C:\Users\user\Desktop\cpp\SqrEquation\solve.exe: (anonymous namespace)::TX::_txCanvas_ThreadProc() at C:/Users/user/Downloads/TX/TXLib.h:10097
#40 0x00007FFA4681F0AD in C:\WINDOWS\System32\msvcrt.dll: beginthreadex()
#41 0x00007FFA4681F17C in C:\WINDOWS\System32\msvcrt.dll: endthreadex()
#42 0x00007FFA4796CCB7 in C:\WINDOWS\System32\KERNEL32.dll: BaseThreadInitThunk()
#43 0x00007FFA4816AD6C in C:\WINDOWS\SYSTEM32\ntdll.dll: RtlUserThreadStart()

--------------------------------------------------
Стек вызовов TX:

# 0 in bool {anonymous}::TX::_txCanvas_OnDESTROY(HWND) at C:\Users\user\Downloads\TX\TXLib.h:10397:

  10395: $   bool locked = false;
  10396: $   _txWaitFor ((locked = txLock (false), locked), _TX_TIMEOUT);
=>10397: $   if (!locked) TX_DEBUG_ERROR ("Cannot lock GDI to free resources");
  10398: 
  10399:     // Освобождаем пользовательские ресурсы

# 1 in LRESULT {anonymous}::TX::_txCanvas_WndProc(HWND, UINT, WPARAM, LPARAM) at C:\Users\user\Downloads\TX\TXLib.h:10314:

  10312: 
  10313:         case WM_CLOSE:          {$ if (_txCanvas_OnCLOSE      (wnd))  break;       else return 0; }
=>10314:         case WM_DESTROY:        {$     _txCanvas_OnDESTROY    (wnd);                    return 0; }
  10315: 
  10316:         case WM_ERASEBKGND:     {$ if (!bkErased) { bkErased = true;  break; }     else return 1; }

# 2 in LRESULT {anonymous}::TX::_txCanvas_WndProc(HWND, UINT, WPARAM, LPARAM) at C:\Users\user\Downloads\TX\TXLib.h:10353:

  10351:         }
  10352: 
=>10353: $   return DefWindowProc (wnd, msg, wpar, lpar);
  10354:     }
  10355: 

# 3 in LRESULT {anonymous}::TX::_txCanvas_WndProc(HWND, UINT, WPARAM, LPARAM) at C:\Users\user\Downloads\TX\TXLib.h:10353:

  10351:         }
  10352: 
=>10353: $   return DefWindowProc (wnd, msg, wpar, lpar);
  10354:     }
  10355: 

# 4 in LRESULT {anonymous}::TX::_txCanvas_WndProc(HWND, UINT, WPARAM, LPARAM) at C:\Users\user\Downloads\TX\TXLib.h:10353:

  10351:         }
  10352: 
=>10353: $   return DefWindowProc (wnd, msg, wpar, lpar);
  10354:     }
  10355: 

# 5 in unsigned int {anonymous}::TX::_txCanvas_ThreadProc(void*) at C:\Users\user\Downloads\TX\TXLib.h:10097:

  10095: 
  10096: $       TranslateMessage (&msg);
=>10097: $       DispatchMessage  (&msg);
  10098: 
  10099: $       Sleep (0);

--------------------------------------------------
Developed with:

The Dumb Artist Library (TX Library)
TXLib [Ver: 00173a, Rev: 175, Date: 2025-12-31 23:02:50 +0400]
Copyright (C) Ded (Ilya Dedinsky, http://txlib.ru) <mail@txlib.ru>
See license on: http://txlib.ru

TXLib file:	C:\Users\user\Downloads\TX\TXLib.h
Compiled:	Aug 27 2026 18:54:11, GNU g++ 16.1.0, std=202002L, MinGW-W64 Runtime 15.0.0 (alpha - rev. 0) 0000-00-00, 64-bit, DEBUG
Started:	Aug 27 2026 18:54:27

Run file:	C:\Users\user\Desktop\cpp\SqrEquation\solve.exe
Directory:	C:\Users\user\Desktop\cpp\SqrEquation

--------------------------------------------------
